Info: Starting: Create HDL design files for synthesis
Info: qsys-generate /home/alex/workspace/projects/r13/bel_projects/ip_cores/wr-cores/platform/altera/wr_arria10_e3p1_phy/wr_arria10_e3p1_atx_pll/wr_arria10_e3p1_atx_pll.qsys --synthesis=VERILOG --output-directory=/home/alex/workspace/projects/r13/bel_projects/ip_cores/wr-cores/platform/altera/wr_arria10_e3p1_phy/wr_arria10_e3p1_atx_pll/wr_arria10_e3p1_atx_pll --family="Arria 10" --part=10AX115S2F45I2SG
Progress: Loading wr_arria10_e3p1_atx_pll/wr_arria10_e3p1_atx_pll.qsys
Progress: Reading input file
Progress: Adding xcvr_atx_pll_a10_0 [altera_xcvr_atx_pll_a10 18.1]
Progress: Parameterizing module xcvr_atx_pll_a10_0
Progress: Building connections
Progress: Parameterizing connections
Progress: Validating
Progress: Done reading input file
Info: wr_arria10_e3p1_atx_pll.xcvr_atx_pll_a10_0: For the selected device(10AX115S2F45I2SG), PLL speed grade is 2.
Info: wr_arria10_e3p1_atx_pll: "Transforming system: wr_arria10_e3p1_atx_pll"
Info: wr_arria10_e3p1_atx_pll: Running transform generation_view_transform
Info: wr_arria10_e3p1_atx_pll: Running transform generation_view_transform took 0.000s
Info: xcvr_atx_pll_a10_0: Running transform generation_view_transform
Info: xcvr_atx_pll_a10_0: Running transform generation_view_transform took 0.000s
Info: wr_arria10_e3p1_atx_pll: Running transform merlin_avalon_transform
Info: wr_arria10_e3p1_atx_pll: Running transform merlin_avalon_transform took 0.092s
Info: wr_arria10_e3p1_atx_pll: "Naming system components in system: wr_arria10_e3p1_atx_pll"
Info: wr_arria10_e3p1_atx_pll: "Processing generation queue"
Info: wr_arria10_e3p1_atx_pll: "Generating: wr_arria10_e3p1_atx_pll"
Info: wr_arria10_e3p1_atx_pll: "Generating: wr_arria10_e3p1_atx_pll_altera_xcvr_atx_pll_a10_181_chk6tua"
Info: xcvr_atx_pll_a10_0: add_fileset_file ./twentynm_xcvr_avmm.sv SYSTEM_VERILOG PATH ../../../alt_xcvr_core/nf/twentynm_xcvr_avmm.sv
Info: xcvr_atx_pll_a10_0: add_fileset_file ./alt_xcvr_resync.sv SYSTEM_VERILOG PATH ../../../../altera_xcvr_generic/ctrl/alt_xcvr_resync.sv
Info: xcvr_atx_pll_a10_0: add_fileset_file ./alt_xcvr_arbiter.sv SYSTEM_VERILOG PATH ../../../../altera_xcvr_generic/ctrl/alt_xcvr_arbiter.sv
Info: xcvr_atx_pll_a10_0: add_fileset_file ./a10_avmm_h.sv SYSTEM_VERILOG PATH ../../../altera_xcvr_native_phy/altera_xcvr_native_vi/a10_avmm_h.sv
Info: xcvr_atx_pll_a10_0: add_fileset_file ./altera_xcvr_native_a10_functions_h.sv SYSTEM_VERILOG PATH ../../../altera_xcvr_native_phy/altera_xcvr_native_vi/altera_xcvr_native_a10_functions_h.sv
Info: xcvr_atx_pll_a10_0: add_fileset_file ./alt_xcvr_atx_pll_rcfg_arb.sv SYSTEM_VERILOG PATH ../source/alt_xcvr_atx_pll_rcfg_arb.sv
Info: xcvr_atx_pll_a10_0: add_fileset_file ./a10_xcvr_atx_pll.sv SYSTEM_VERILOG PATH ../source/a10_xcvr_atx_pll.sv
Info: xcvr_atx_pll_a10_0: add_fileset_file ./alt_xcvr_pll_embedded_debug.sv SYSTEM_VERILOG PATH ../source/alt_xcvr_pll_embedded_debug.sv
Info: xcvr_atx_pll_a10_0: add_fileset_file ./alt_xcvr_pll_avmm_csr.sv SYSTEM_VERILOG PATH ../source/alt_xcvr_pll_avmm_csr.sv
Info: wr_arria10_e3p1_atx_pll: Done "wr_arria10_e3p1_atx_pll" with 2 modules, 14 files
Info: qsys-generate succeeded.
Info: Finished: Create HDL design files for synthesis
